src/components/customers/CustomerFormModal.tsx(87,50): error TS1127: Invalid character.
src/components/customers/CustomerFormModal.tsx(953,1): error TS1160: Unterminated template literal.
src/services/salesSettingsService.ts(19,46): error TS1127: Invalid character.
src/services/salesSettingsService.ts(28,1): error TS1160: Unterminated template literal.
